---
source: crates/anchorleg-core/tests/claude_replay.rs
expression: replay
input_file: fixtures/claude-2.1.294-phase0-20261008/resume-continue.jsonl
---
[
  {
    "event": {
      "duration_ms": 0,
      "errors": [
        "No conversation found with session ID: 39b75790-63d8-45fd-aa2c-abccfd493adc"
      ],
      "event": "result",
      "is_error": true,
      "num_turns": 0,
      "result": null,
      "session_id": "39b75790-63d8-45fd-aa2c-abccfd493adc",
      "subtype": "error_during_execution",
      "total_cost_usd": 0.0
    },
    "signals": [
      {
        "signal": "session_not_found"
      },
      {
        "ok": false,
        "session_id": "39b75790-63d8-45fd-aa2c-abccfd493adc",
        "signal": "finished",
        "text": "No conversation found with session ID: 39b75790-63d8-45fd-aa2c-abccfd493adc"
      }
    ]
  }
]
